// Jest Snapshot v1, https://goo.gl/fbAQLP

exports[`Calculator Calculator renders correctly 1`] = `
<div
  id="calculator-wrapper"
>
  <div
    id="calc-display"
  >
     
     
  </div>
  <div
    id="calc-buttons"
  >
    <input
      id="AC"
      onClick={[Function]}
      type="button"
      value="AC"
    />
    <input
      id="+/-"
      onClick={[Function]}
      type="button"
      value="+/-"
    />
    <input
      id="%"
      onClick={[Function]}
      type="button"
      value="%"
    />
    <input
      id="÷"
      onClick={[Function]}
      type="button"
      value="÷"
    />
    <input
      id="7"
      onClick={[Function]}
      type="button"
      value="7"
    />
    <input
      id="8"
      onClick={[Function]}
      type="button"
      value="8"
    />
    <input
      id="9"
      onClick={[Function]}
      type="button"
      value="9"
    />
    <input
      id="x"
      onClick={[Function]}
      type="button"
      value="x"
    />
    <input
      id="4"
      onClick={[Function]}
      type="button"
      value="4"
    />
    <input
      id="5"
      onClick={[Function]}
      type="button"
      value="5"
    />
    <input
      id="6"
      onClick={[Function]}
      type="button"
      value="6"
    />
    <input
      id="-"
      onClick={[Function]}
      type="button"
      value="-"
    />
    <input
      id="1"
      onClick={[Function]}
      type="button"
      value="1"
    />
    <input
      id="2"
      onClick={[Function]}
      type="button"
      value="2"
    />
    <input
      id="3"
      onClick={[Function]}
      type="button"
      value="3"
    />
    <input
      id="+"
      onClick={[Function]}
      type="button"
      value="+"
    />
    <input
      id="0"
      onClick={[Function]}
      type="button"
      value="0"
    />
    <input
      id="."
      onClick={[Function]}
      type="button"
      value="."
    />
    <input
      id="="
      onClick={[Function]}
      type="button"
      value="="
    />
  </div>
</div>
`;
